// Jest Snapshot v1, https://goo.gl/fbAQLP

exports[`Calendar > CalendarTable should render CalendarTable correctly 1`] = `
.c0 {
  display: -webkit-box;
  display: -webkit-flex;
  display: -ms-flexbox;
  display: flex;
  box-sizing: border-box;
  padding: 0;
  -webkit-flex-wrap: nowrap;
  -ms-flex-wrap: nowrap;
  flex-wrap: nowrap;
  -webkit-flex-direction: column;
  -ms-flex-direction: column;
  flex-direction: column;
}

.c0 > *:not(:last-child) {
  margin-bottom: 2px;
}

<div
  class="c0"
>
  <div>
    HeaderCalendarRow
  </div>
  <div
    row="1,2,3,4,5,6,7"
  />
</div>
`;
