// Jest Snapshot v1, https://goo.gl/fbAQLP

exports[`Calendar > CalendarTable should render CalendarTable correctly 1`] = `
.c0 {
  display: -webkit-box;
  display: -webkit-flex;
  display: -ms-flexbox;
  display: flex;
  -webkit-flex-wrap: nowrap;
  -ms-flex-wrap: nowrap;
  flex-wrap: nowrap;
}

<div
  class="c0"
  type="vertical"
>
  <div>
    HeaderCalendarRow
  </div>
  <div
    row="1,2,3,4,5,6,7"
  />
</div>
`;
