// Jest Snapshot v1, https://goo.gl/fbAQLP

exports[`Test RangePickerPanel should render RangePickerPanel correctly 1`] = `
.c0 {
  background-color: #FFFFFF;
  display: block;
}

<div
  class="c0"
>
  <div>
    <div
      defaultdate="[object Object]"
    >
      children
    </div>
  </div>
</div>
`;
